// Jest Snapshot v1, https://goo.gl/fbAQLP

exports[`async actions creates async handleInputFile actions 1`] = `Array []`;
